::1 - - [23/Jul/2020:03:26:30 +0000] "GET /api/v1/categories HTTP/1.1" 200 94 "-" "PostmanRuntime/7.25.0"
::1 - - [23/Jul/2020:03:26:45 +0000] "GET /api/v1/categories/5e90434cd433fa11b078ed8a HTTP/1.1" 500 84 "-" "PostmanRuntime/7.25.0"
::1 - - [23/Jul/2020:03:27:11 +0000] "POST /api/v1/categories HTTP/1.1" 500 117 "-" "PostmanRuntime/7.25.0"
::1 - - [23/Jul/2020:03:27:29 +0000] "POST /api/v1/users/login HTTP/1.1" 200 444 "-" "PostmanRuntime/7.25.0"
::1 - - [23/Jul/2020:03:27:39 +0000] "GET /api/v1/categories HTTP/1.1" 200 94 "-" "PostmanRuntime/7.25.0"
::1 - - [23/Jul/2020:03:30:01 +0000] "GET /api/v1/categories HTTP/1.1" 200 1419 "-" "PostmanRuntime/7.25.0"
::1 - - [23/Jul/2020:03:30:11 +0000] "GET /api/v1/books HTTP/1.1" 200 10533 "-" "PostmanRuntime/7.25.0"
::1 - - [23/Jul/2020:06:17:05 +0000] "GET /favicon.ico HTTP/1.1" 404 150 "http://localhost:8000/" "Mozilla/5.0 (Windows NT 10.0; Win64; x64) AppleWebKit/537.36 (KHTML, like Gecko) Chrome/84.0.4147.89 Safari/537.36"
::1 - - [23/Jul/2020:06:22:45 +0000] "GET //api/v1/categories HTTP/1.1" 404 157 "-" "PostmanRuntime/7.26.2"
::1 - - [23/Jul/2020:06:23:19 +0000] "POST //api/v1/users/login HTTP/1.1" 404 159 "-" "PostmanRuntime/7.26.2"
::1 - - [23/Jul/2020:06:26:40 +0000] "GET //api/v1/books HTTP/1.1" 404 152 "-" "PostmanRuntime/7.26.2"
::1 - - [23/Jul/2020:06:28:55 +0000] "GET //api/v1/books HTTP/1.1" 404 152 "-" "PostmanRuntime/7.26.2"
::1 - - [23/Jul/2020:06:29:09 +0000] "GET //api/v1/categories HTTP/1.1" 404 157 "-" "PostmanRuntime/7.26.2"
::1 - - [23/Jul/2020:06:59:03 +0000] "GET //api/v1/categories HTTP/1.1" 404 157 "-" "PostmanRuntime/7.26.2"
::1 - - [23/Jul/2020:07:00:04 +0000] "GET /api/v1/categories HTTP/1.1" 200 1419 "-" "Mozilla/5.0 (Windows NT 10.0; Win64; x64) AppleWebKit/537.36 (KHTML, like Gecko) Chrome/84.0.4147.89 Safari/537.36"
::1 - - [23/Jul/2020:07:00:10 +0000] "GET /api/v1/categories HTTP/1.1" 200 1419 "-" "PostmanRuntime/7.26.2"
::1 - - [23/Jul/2020:07:00:51 +0000] "GET /api/v1/categories HTTP/1.1" 200 1419 "-" "PostmanRuntime/7.26.2"
::1 - - [23/Jul/2020:07:01:07 +0000] "GET /api/v1/categories HTTP/1.1" 200 1419 "-" "PostmanRuntime/7.26.2"
::1 - - [23/Jul/2020:07:01:09 +0000] "GET /api/v1/categories HTTP/1.1" 200 1419 "-" "PostmanRuntime/7.26.2"
::1 - - [23/Jul/2020:07:01:14 +0000] "GET /api/v1/categories/5e90434cd433fa11b078ed8a HTTP/1.1" 500 84 "-" "PostmanRuntime/7.26.2"
::1 - - [23/Jul/2020:07:01:24 +0000] "GET /api/v1/categories/5e90434cd433fa11b078ed8a HTTP/1.1" 500 84 "-" "PostmanRuntime/7.26.2"
::1 - - [23/Jul/2020:07:01:39 +0000] "GET /api/v1/books HTTP/1.1" 200 10533 "-" "PostmanRuntime/7.26.2"
::1 - - [23/Jul/2020:07:01:56 +0000] "GET /api/v1/books/5f190411ea55fc3d883a670e HTTP/1.1" 200 1856 "-" "PostmanRuntime/7.26.2"
::1 - - [23/Jul/2020:07:02:27 +0000] "POST /api/v1/users/register HTTP/1.1" 200 440 "-" "PostmanRuntime/7.26.2"
::1 - - [23/Jul/2020:07:14:43 +0000] "DELETE /api/v1/books/5e9d481d01d2c0386862d04b HTTP/1.1" 403 150 "-" "PostmanRuntime/7.26.2"
::1 - - [23/Jul/2020:07:15:35 +0000] "POST /api/v1/users/login HTTP/1.1" 200 444 "-" "PostmanRuntime/7.26.2"
::1 - - [23/Jul/2020:07:15:45 +0000] "DELETE /api/v1/books/5e9d481d01d2c0386862d04b HTTP/1.1" 404 125 "-" "PostmanRuntime/7.26.2"
::1 - - [23/Jul/2020:07:15:52 +0000] "GET /api/v1/books HTTP/1.1" 200 10533 "-" "PostmanRuntime/7.26.2"
::1 - - [23/Jul/2020:07:16:03 +0000] "DELETE /api/v1/books/5f190411ea55fc3d883a670e HTTP/1.1" 200 1884 "-" "PostmanRuntime/7.26.2"
::1 - - [23/Jul/2020:07:16:11 +0000] "GET /api/v1/books HTTP/1.1" 200 10842 "-" "PostmanRuntime/7.26.2"
::1 - - [23/Jul/2020:07:16:20 +0000] "GET /api/v1/categories/5e90434cd433fa11b078ed8a HTTP/1.1" 500 84 "-" "PostmanRuntime/7.26.2"
::1 - - [23/Jul/2020:07:16:24 +0000] "GET /api/v1/categories HTTP/1.1" 200 1432 "-" "PostmanRuntime/7.26.2"
::1 - - [23/Jul/2020:07:16:30 +0000] "GET /api/v1/categories/5e90434cd433fa11b078ed8a HTTP/1.1" 500 84 "-" "PostmanRuntime/7.26.2"
::1 - - [23/Jul/2020:07:17:33 +0000] "GET /api/v1/categories/5e90434cd433fa11b078ed8a HTTP/1.1" 200 8897 "-" "PostmanRuntime/7.26.2"
::1 - - [23/Jul/2020:07:17:42 +0000] "PUT /api/v1/books/5eb6cd731f65902be0da1d89 HTTP/1.1" 400 122 "-" "PostmanRuntime/7.26.2"
::1 - - [23/Jul/2020:07:17:46 +0000] "GET /api/v1/books HTTP/1.1" 200 10842 "-" "PostmanRuntime/7.26.2"
::1 - - [23/Jul/2020:07:18:05 +0000] "GET /api/v1/books/5f190411ea55fc3d883a670f HTTP/1.1" 200 1939 "-" "PostmanRuntime/7.26.2"
::1 - - [23/Jul/2020:07:18:15 +0000] "GET /api/v1/categories?select=name%20averagePrice%20averageRating&sort=averageRating%20-averagePrice&limit=3&page=1 HTTP/1.1" 200 524 "-" "PostmanRuntime/7.26.2"
::1 - - [23/Jul/2020:07:18:24 +0000] "GET /api/v1/categories/5e90434cd433fa11b078ed8a/books?select=name%20price&sort=-price&price[$lt]=30000&page=1 HTTP/1.1" 500 288 "-" "PostmanRuntime/7.26.2"
::1 - - [23/Jul/2020:07:18:47 +0000] "GET /api/v1/categories?select=name%20averagePrice%20averageRating&sort=averageRating%20-averagePrice&limit=3&page=1 HTTP/1.1" 200 524 "-" "PostmanRuntime/7.26.2"
::1 - - [23/Jul/2020:07:19:17 +0000] "GET /api/v1/categories?select=name%20averagePrice%20averageRating&sort=-averageRating%20-averagePrice&limit=3&page=1 HTTP/1.1" 200 526 "-" "PostmanRuntime/7.26.2"
::1 - - [23/Jul/2020:07:19:28 +0000] "GET /api/v1/categories?select=name%20averagePrice%20averageRating&sort=-averageRating%20averagePrice&limit=3&page=1 HTTP/1.1" 200 526 "-" "PostmanRuntime/7.26.2"
::1 - - [16/Sep/2023:05:28:13 +0000] "GET /api/v1/categories HTTP/1.1" 200 1418 "-" "PostmanRuntime/7.32.3"
::1 - - [16/Sep/2023:05:28:25 +0000] "GET /api/v1/books HTTP/1.1" 200 10387 "-" "PostmanRuntime/7.32.3"
::1 - - [16/Sep/2023:05:38:34 +0000] "GET /api/v1/books HTTP/1.1" 200 10533 "-" "PostmanRuntime/7.32.3"
::ffff:192.168.1.6 - - [16/Sep/2023:07:35:08 +0000] "GET /api/v1/categories HTTP/1.1" 200 1418 "-" "Expo/2.29.5 CFNetwork/1406.0.4 Darwin/22.6.0"
::ffff:192.168.1.6 - - [16/Sep/2023:07:35:09 +0000] "GET /api/v1/categories/5e90434cd433fa11b078ed8a/books HTTP/1.1" 200 3034 "-" "Expo/2.29.5 CFNetwork/1406.0.4 Darwin/22.6.0"
::ffff:192.168.1.6 - - [16/Sep/2023:07:35:09 +0000] "GET /api/v1/categories/5e96cc1ba816c94e009a9c9e/books HTTP/1.1" 200 3882 "-" "Expo/2.29.5 CFNetwork/1406.0.4 Darwin/22.6.0"
::ffff:192.168.1.6 - - [16/Sep/2023:07:35:09 +0000] "GET /api/v1/categories/5e90478549941f52dcb01b34/books HTTP/1.1" 200 2792 "-" "Expo/2.29.5 CFNetwork/1406.0.4 Darwin/22.6.0"
::ffff:192.168.1.6 - - [16/Sep/2023:07:35:09 +0000] "GET /api/v1/categories/5e9047fd49941f52dcb01b35/books HTTP/1.1" 200 4494 "-" "Expo/2.29.5 CFNetwork/1406.0.4 Darwin/22.6.0"
::1 - - [16/Sep/2023:07:44:57 +0000] "GET /api/v1/categories/5e90434cd433fa11b078ed8a HTTP/1.1" 200 8897 "-" "PostmanRuntime/7.32.3"
::1 - - [16/Sep/2023:07:45:52 +0000] "PUT /api/v1/books/5e90434cd433fa11b078ed8a HTTP/1.1" 500 138 "-" "PostmanRuntime/7.32.3"
::1 - - [16/Sep/2023:07:47:14 +0000] "POST /api/v1/users/login HTTP/1.1" 200 444 "-" "PostmanRuntime/7.32.3"
::1 - - [16/Sep/2023:08:01:10 +0000] "GET /api/v1/books/65053f244a39a51509099f47 HTTP/1.1" 200 1568 "-" "PostmanRuntime/7.32.3"
::1 - - [16/Sep/2023:08:02:12 +0000] "PUT /api/v1/books/65053f244a39a51509099f47 HTTP/1.1" 500 172 "-" "PostmanRuntime/7.32.3"
::1 - - [16/Sep/2023:08:02:22 +0000] "POST /api/v1/users/login HTTP/1.1" 200 444 "-" "PostmanRuntime/7.32.3"
::1 - - [16/Sep/2023:08:02:29 +0000] "PUT /api/v1/books/65053f244a39a51509099f47 HTTP/1.1" 200 1595 "-" "PostmanRuntime/7.32.3"
::ffff:192.168.1.6 - - [16/Sep/2023:08:07:03 +0000] "GET /api/v1/categories HTTP/1.1" 200 1420 "-" "Expo/2.29.5 CFNetwork/1406.0.4 Darwin/22.6.0"
::ffff:192.168.1.6 - - [16/Sep/2023:08:07:04 +0000] "GET /api/v1/categories/5e90434cd433fa11b078ed8a/books HTTP/1.1" 200 3777 "-" "Expo/2.29.5 CFNetwork/1406.0.4 Darwin/22.6.0"
::ffff:192.168.1.6 - - [16/Sep/2023:08:07:04 +0000] "GET /api/v1/categories/5e9047fd49941f52dcb01b35/books HTTP/1.1" 304 - "-" "Expo/2.29.5 CFNetwork/1406.0.4 Darwin/22.6.0"
::ffff:192.168.1.6 - - [16/Sep/2023:08:07:05 +0000] "GET /api/v1/categories/5e90478549941f52dcb01b34/books HTTP/1.1" 304 - "-" "Expo/2.29.5 CFNetwork/1406.0.4 Darwin/22.6.0"
::ffff:192.168.1.6 - - [16/Sep/2023:08:07:05 +0000] "GET /api/v1/categories/5e96cc1ba816c94e009a9c9e/books HTTP/1.1" 304 - "-" "Expo/2.29.5 CFNetwork/1406.0.4 Darwin/22.6.0"
::1 - - [16/Sep/2023:08:09:24 +0000] "PUT /api/v1/books/65053f244a39a51509099f47 HTTP/1.1" 200 575 "-" "PostmanRuntime/7.32.3"
::ffff:192.168.1.6 - - [16/Sep/2023:08:09:43 +0000] "GET /api/v1/categories HTTP/1.1" 200 1418 "-" "Expo/2.29.5 CFNetwork/1406.0.4 Darwin/22.6.0"
::ffff:192.168.1.6 - - [16/Sep/2023:08:09:44 +0000] "GET /api/v1/categories/5e90434cd433fa11b078ed8a/books HTTP/1.1" 200 2757 "-" "Expo/2.29.5 CFNetwork/1406.0.4 Darwin/22.6.0"
::ffff:192.168.1.6 - - [16/Sep/2023:08:09:44 +0000] "GET /api/v1/categories/5e9047fd49941f52dcb01b35/books HTTP/1.1" 304 - "-" "Expo/2.29.5 CFNetwork/1406.0.4 Darwin/22.6.0"
::ffff:192.168.1.6 - - [16/Sep/2023:08:09:44 +0000] "GET /api/v1/categories/5e90478549941f52dcb01b34/books HTTP/1.1" 304 - "-" "Expo/2.29.5 CFNetwork/1406.0.4 Darwin/22.6.0"
::ffff:192.168.1.6 - - [16/Sep/2023:08:09:44 +0000] "GET /api/v1/categories/5e96cc1ba816c94e009a9c9e/books HTTP/1.1" 304 - "-" "Expo/2.29.5 CFNetwork/1406.0.4 Darwin/22.6.0"
::1 - - [16/Sep/2023:08:10:57 +0000] "GET /api/v1/books/65053f244a39a51509099f48 HTTP/1.1" 200 2112 "-" "PostmanRuntime/7.32.3"
::1 - - [16/Sep/2023:08:12:47 +0000] "PUT /api/v1/books/65053f244a39a51509099f48 HTTP/1.1" 200 543 "-" "PostmanRuntime/7.32.3"
::ffff:192.168.1.6 - - [16/Sep/2023:08:13:00 +0000] "GET /api/v1/categories HTTP/1.1" 200 1418 "-" "Expo/2.29.5 CFNetwork/1406.0.4 Darwin/22.6.0"
::ffff:192.168.1.6 - - [16/Sep/2023:08:13:01 +0000] "GET /api/v1/categories/5e90434cd433fa11b078ed8a/books HTTP/1.1" 200 1188 "-" "Expo/2.29.5 CFNetwork/1406.0.4 Darwin/22.6.0"
::ffff:192.168.1.6 - - [16/Sep/2023:08:13:01 +0000] "GET /api/v1/categories/5e90478549941f52dcb01b34/books HTTP/1.1" 304 - "-" "Expo/2.29.5 CFNetwork/1406.0.4 Darwin/22.6.0"
::ffff:192.168.1.6 - - [16/Sep/2023:08:13:01 +0000] "GET /api/v1/categories/5e9047fd49941f52dcb01b35/books HTTP/1.1" 304 - "-" "Expo/2.29.5 CFNetwork/1406.0.4 Darwin/22.6.0"
::ffff:192.168.1.6 - - [16/Sep/2023:08:13:01 +0000] "GET /api/v1/categories/5e96cc1ba816c94e009a9c9e/books HTTP/1.1" 304 - "-" "Expo/2.29.5 CFNetwork/1406.0.4 Darwin/22.6.0"
::1 - - [16/Sep/2023:08:14:38 +0000] "GET /api/v1/books/65053f244a39a51509099f49 HTTP/1.1" 200 1396 "-" "PostmanRuntime/7.32.3"
::ffff:192.168.1.6 - - [16/Sep/2023:08:15:22 +0000] "GET /api/v1/categories HTTP/1.1" 304 - "-" "Expo/2.29.5 CFNetwork/1406.0.4 Darwin/22.6.0"
::ffff:192.168.1.6 - - [16/Sep/2023:08:15:22 +0000] "GET /api/v1/categories/5e90478549941f52dcb01b34/books HTTP/1.1" 304 - "-" "Expo/2.29.5 CFNetwork/1406.0.4 Darwin/22.6.0"
::ffff:192.168.1.6 - - [16/Sep/2023:08:15:22 +0000] "GET /api/v1/categories/5e90434cd433fa11b078ed8a/books HTTP/1.1" 304 - "-" "Expo/2.29.5 CFNetwork/1406.0.4 Darwin/22.6.0"
::ffff:192.168.1.6 - - [16/Sep/2023:08:15:22 +0000] "GET /api/v1/categories/5e96cc1ba816c94e009a9c9e/books HTTP/1.1" 304 - "-" "Expo/2.29.5 CFNetwork/1406.0.4 Darwin/22.6.0"
::ffff:192.168.1.6 - - [16/Sep/2023:08:15:22 +0000] "GET /api/v1/categories/5e9047fd49941f52dcb01b35/books HTTP/1.1" 304 - "-" "Expo/2.29.5 CFNetwork/1406.0.4 Darwin/22.6.0"
::1 - - [16/Sep/2023:08:18:30 +0000] "POST /api/v1/users/login HTTP/1.1" 200 444 "-" "PostmanRuntime/7.32.3"
::1 - - [16/Sep/2023:08:19:16 +0000] "GET /api/v1/books/65053f244a39a51509099f4b HTTP/1.1" 200 1669 "-" "PostmanRuntime/7.32.3"
::1 - - [16/Sep/2023:08:20:01 +0000] "GET /api/v1/books/65053f244a39a51509099f4b HTTP/1.1" 200 1669 "-" "PostmanRuntime/7.32.3"
::1 - - [16/Sep/2023:08:20:50 +0000] "PUT /api/v1/books/65053f244a39a51509099f4b HTTP/1.1" 200 602 "-" "PostmanRuntime/7.32.3"
::1 - - [16/Sep/2023:08:21:35 +0000] "GET /api/v1/categories/5e90434cd433fa11b078ed8a HTTP/1.1" 200 5268 "-" "PostmanRuntime/7.32.3"
::1 - - [16/Sep/2023:08:22:28 +0000] "GET /api/v1/books/65053f244a39a51509099f49 HTTP/1.1" 200 1396 "-" "PostmanRuntime/7.32.3"
::1 - - [16/Sep/2023:08:22:50 +0000] "GET /api/v1/books/65053f244a39a51509099f49 HTTP/1.1" 200 1396 "-" "PostmanRuntime/7.32.3"
::1 - - [16/Sep/2023:08:23:34 +0000] "PUT /api/v1/books/65053f244a39a51509099f49 HTTP/1.1" 200 529 "-" "PostmanRuntime/7.32.3"
::1 - - [16/Sep/2023:08:23:54 +0000] "GET /api/v1/categories/5e90434cd433fa11b078ed8a HTTP/1.1" 200 4401 "-" "PostmanRuntime/7.32.3"
::1 - - [16/Sep/2023:08:29:06 +0000] "GET /api/v1/categories/5e90434cd433fa11b078ed8a HTTP/1.1" 200 4401 "-" "PostmanRuntime/7.32.3"
::1 - - [16/Sep/2023:08:29:56 +0000] "GET /api/v1/books/65053f244a39a51509099f4a HTTP/1.1" 200 1897 "-" "PostmanRuntime/7.32.3"
::1 - - [16/Sep/2023:08:31:47 +0000] "POST /api/v1/users/login HTTP/1.1" 200 444 "-" "PostmanRuntime/7.32.3"
::1 - - [16/Sep/2023:08:32:07 +0000] "PUT /api/v1/books/65053f244a39a51509099f4a HTTP/1.1" 200 586 "-" "PostmanRuntime/7.32.3"
::1 - - [16/Sep/2023:08:32:15 +0000] "GET /api/v1/categories/5e90434cd433fa11b078ed8a HTTP/1.1" 200 3090 "-" "PostmanRuntime/7.32.3"
::ffff:192.168.1.6 - - [16/Sep/2023:08:33:34 +0000] "GET /api/v1/categories HTTP/1.1" 200 1418 "-" "Expo/2.29.5 CFNetwork/1406.0.4 Darwin/22.6.0"
::ffff:192.168.1.6 - - [16/Sep/2023:08:33:34 +0000] "GET /api/v1/categories/5e96cc1ba816c94e009a9c9e/books HTTP/1.1" 304 - "-" "Expo/2.29.5 CFNetwork/1406.0.4 Darwin/22.6.0"
::ffff:192.168.1.6 - - [16/Sep/2023:08:33:34 +0000] "GET /api/v1/categories/5e90434cd433fa11b078ed8a/books HTTP/1.1" 304 - "-" "Expo/2.29.5 CFNetwork/1406.0.4 Darwin/22.6.0"
::ffff:192.168.1.6 - - [16/Sep/2023:08:33:34 +0000] "GET /api/v1/categories/5e9047fd49941f52dcb01b35/books HTTP/1.1" 304 - "-" "Expo/2.29.5 CFNetwork/1406.0.4 Darwin/22.6.0"
::ffff:192.168.1.6 - - [16/Sep/2023:08:33:34 +0000] "GET /api/v1/categories/5e90478549941f52dcb01b34/books HTTP/1.1" 304 - "-" "Expo/2.29.5 CFNetwork/1406.0.4 Darwin/22.6.0"
::1 - - [16/Sep/2023:08:41:27 +0000] "GET /api/v1/categories/5e90434cd433fa11b078ed8a HTTP/1.1" 200 3090 "-" "PostmanRuntime/7.32.3"
::1 - - [16/Sep/2023:08:42:49 +0000] "PUT /api/v1/categories/5e90434cd433fa11b078ed8a HTTP/1.1" 200 342 "-" "PostmanRuntime/7.32.3"
::ffff:192.168.1.6 - - [16/Sep/2023:08:43:11 +0000] "GET /api/v1/categories HTTP/1.1" 200 1400 "-" "Expo/2.29.5 CFNetwork/1406.0.4 Darwin/22.6.0"
::ffff:192.168.1.6 - - [16/Sep/2023:08:43:11 +0000] "GET /api/v1/categories/5e90434cd433fa11b078ed8a/books HTTP/1.1" 304 - "-" "Expo/2.29.5 CFNetwork/1406.0.4 Darwin/22.6.0"
::ffff:192.168.1.6 - - [16/Sep/2023:08:43:11 +0000] "GET /api/v1/categories/5e9047fd49941f52dcb01b35/books HTTP/1.1" 304 - "-" "Expo/2.29.5 CFNetwork/1406.0.4 Darwin/22.6.0"
::ffff:192.168.1.6 - - [16/Sep/2023:08:43:11 +0000] "GET /api/v1/categories/5e90478549941f52dcb01b34/books HTTP/1.1" 304 - "-" "Expo/2.29.5 CFNetwork/1406.0.4 Darwin/22.6.0"
::ffff:192.168.1.6 - - [16/Sep/2023:08:43:11 +0000] "GET /api/v1/categories/5e96cc1ba816c94e009a9c9e/books HTTP/1.1" 304 - "-" "Expo/2.29.5 CFNetwork/1406.0.4 Darwin/22.6.0"
::1 - - [16/Sep/2023:08:46:42 +0000] "GET /api/v1/categories/5e96cc1ba816c94e009a9c9e HTTP/1.1" 200 8082 "-" "PostmanRuntime/7.32.3"
::1 - - [16/Sep/2023:08:50:51 +0000] "PUT /api/v1/categories/5e96cc1ba816c94e009a9c9e HTTP/1.1" 200 320 "-" "PostmanRuntime/7.32.3"
::1 - - [16/Sep/2023:08:51:00 +0000] "GET /api/v1/categories/5e96cc1ba816c94e009a9c9e HTTP/1.1" 200 8018 "-" "PostmanRuntime/7.32.3"
::ffff:192.168.1.6 - - [16/Sep/2023:08:51:31 +0000] "GET /api/v1/categories HTTP/1.1" 200 1336 "-" "Expo/2.29.5 CFNetwork/1406.0.4 Darwin/22.6.0"
::ffff:192.168.1.6 - - [16/Sep/2023:08:51:31 +0000] "GET /api/v1/categories/5e90434cd433fa11b078ed8a/books HTTP/1.1" 304 - "-" "Expo/2.29.5 CFNetwork/1406.0.4 Darwin/22.6.0"
::ffff:192.168.1.6 - - [16/Sep/2023:08:51:31 +0000] "GET /api/v1/categories/5e96cc1ba816c94e009a9c9e/books HTTP/1.1" 304 - "-" "Expo/2.29.5 CFNetwork/1406.0.4 Darwin/22.6.0"
::ffff:192.168.1.6 - - [16/Sep/2023:08:51:31 +0000] "GET /api/v1/categories/5e90478549941f52dcb01b34/books HTTP/1.1" 304 - "-" "Expo/2.29.5 CFNetwork/1406.0.4 Darwin/22.6.0"
::ffff:192.168.1.6 - - [16/Sep/2023:08:51:31 +0000] "GET /api/v1/categories/5e9047fd49941f52dcb01b35/books HTTP/1.1" 304 - "-" "Expo/2.29.5 CFNetwork/1406.0.4 Darwin/22.6.0"
::1 - - [16/Sep/2023:08:53:49 +0000] "GET /api/v1/categories/5e90478549941f52dcb01b34 HTTP/1.1" 200 8149 "-" "PostmanRuntime/7.32.3"
::1 - - [16/Sep/2023:08:54:40 +0000] "PUT /api/v1/categories/5e90478549941f52dcb01b34 HTTP/1.1" 200 304 "-" "PostmanRuntime/7.32.3"
::1 - - [16/Sep/2023:08:54:46 +0000] "GET /api/v1/categories/5e90478549941f52dcb01b34 HTTP/1.1" 200 8102 "-" "PostmanRuntime/7.32.3"
::1 - - [16/Sep/2023:08:55:25 +0000] "GET /api/v1/categories/5e9047fd49941f52dcb01b35 HTTP/1.1" 200 7744 "-" "PostmanRuntime/7.32.3"
::1 - - [16/Sep/2023:08:55:53 +0000] "PUT /api/v1/categories/5e9047fd49941f52dcb01b35 HTTP/1.1" 200 325 "-" "PostmanRuntime/7.32.3"
::1 - - [16/Sep/2023:08:55:57 +0000] "GET /api/v1/categories/5e9047fd49941f52dcb01b35 HTTP/1.1" 200 7747 "-" "PostmanRuntime/7.32.3"
::1 - - [16/Sep/2023:08:56:20 +0000] "GET /api/v1/categories HTTP/1.1" 200 1292 "-" "PostmanRuntime/7.32.3"
::ffff:192.168.1.6 - - [16/Sep/2023:08:57:22 +0000] "GET /api/v1/categories HTTP/1.1" 200 1292 "-" "Expo/2.29.5 CFNetwork/1406.0.4 Darwin/22.6.0"
::ffff:192.168.1.6 - - [16/Sep/2023:08:57:22 +0000] "GET /api/v1/categories/5e90434cd433fa11b078ed8a/books HTTP/1.1" 304 - "-" "Expo/2.29.5 CFNetwork/1406.0.4 Darwin/22.6.0"
::ffff:192.168.1.6 - - [16/Sep/2023:08:57:22 +0000] "GET /api/v1/categories/5e90478549941f52dcb01b34/books HTTP/1.1" 304 - "-" "Expo/2.29.5 CFNetwork/1406.0.4 Darwin/22.6.0"
::ffff:192.168.1.6 - - [16/Sep/2023:08:57:22 +0000] "GET /api/v1/categories/5e96cc1ba816c94e009a9c9e/books HTTP/1.1" 304 - "-" "Expo/2.29.5 CFNetwork/1406.0.4 Darwin/22.6.0"
::ffff:192.168.1.6 - - [16/Sep/2023:08:57:22 +0000] "GET /api/v1/categories/5e9047fd49941f52dcb01b35/books HTTP/1.1" 304 - "-" "Expo/2.29.5 CFNetwork/1406.0.4 Darwin/22.6.0"
::1 - - [16/Sep/2023:09:00:16 +0000] "GET /api/v1/books HTTP/1.1" 200 10509 "-" "PostmanRuntime/7.32.3"
::1 - - [16/Sep/2023:09:02:06 +0000] "GET /api/v1/categories/5e90478549941f52dcb01b34 HTTP/1.1" 200 8102 "-" "PostmanRuntime/7.32.3"
::1 - - [16/Sep/2023:09:02:50 +0000] "GET /api/v1/books/65053f244a39a51509099f4c HTTP/1.1" 200 1691 "-" "PostmanRuntime/7.32.3"
::1 - - [16/Sep/2023:09:07:02 +0000] "PUT /api/v1/books/65053f244a39a51509099f4c HTTP/1.1" 200 491 "-" "PostmanRuntime/7.32.3"
::ffff:192.168.1.6 - - [16/Sep/2023:09:07:12 +0000] "GET /api/v1/categories HTTP/1.1" 200 1292 "-" "Expo/2.29.5 CFNetwork/1406.0.4 Darwin/22.6.0"
::ffff:192.168.1.6 - - [16/Sep/2023:09:07:13 +0000] "GET /api/v1/categories/5e96cc1ba816c94e009a9c9e/books HTTP/1.1" 304 - "-" "Expo/2.29.5 CFNetwork/1406.0.4 Darwin/22.6.0"
::ffff:192.168.1.6 - - [16/Sep/2023:09:07:13 +0000] "GET /api/v1/categories/5e90434cd433fa11b078ed8a/books HTTP/1.1" 304 - "-" "Expo/2.29.5 CFNetwork/1406.0.4 Darwin/22.6.0"
::ffff:192.168.1.6 - - [16/Sep/2023:09:07:13 +0000] "GET /api/v1/categories/5e90478549941f52dcb01b34/books HTTP/1.1" 200 1592 "-" "Expo/2.29.5 CFNetwork/1406.0.4 Darwin/22.6.0"
::ffff:192.168.1.6 - - [16/Sep/2023:09:07:13 +0000] "GET /api/v1/categories/5e9047fd49941f52dcb01b35/books HTTP/1.1" 304 - "-" "Expo/2.29.5 CFNetwork/1406.0.4 Darwin/22.6.0"
::1 - - [16/Sep/2023:09:09:58 +0000] "GET /api/v1/books/65053f244a39a51509099f4d HTTP/1.1" 200 1031 "-" "PostmanRuntime/7.32.3"
::1 - - [16/Sep/2023:09:11:08 +0000] "PUT /api/v1/books/65053f244a39a51509099f4d HTTP/1.1" 200 479 "-" "PostmanRuntime/7.32.3"
::ffff:192.168.1.6 - - [16/Sep/2023:09:11:17 +0000] "GET /api/v1/categories HTTP/1.1" 200 1292 "-" "Expo/2.29.5 CFNetwork/1406.0.4 Darwin/22.6.0"
::ffff:192.168.1.6 - - [16/Sep/2023:09:11:18 +0000] "GET /api/v1/categories/5e90478549941f52dcb01b34/books HTTP/1.1" 200 1040 "-" "Expo/2.29.5 CFNetwork/1406.0.4 Darwin/22.6.0"
::ffff:192.168.1.6 - - [16/Sep/2023:09:11:18 +0000] "GET /api/v1/categories/5e90434cd433fa11b078ed8a/books HTTP/1.1" 304 - "-" "Expo/2.29.5 CFNetwork/1406.0.4 Darwin/22.6.0"
::ffff:192.168.1.6 - - [16/Sep/2023:09:11:18 +0000] "GET /api/v1/categories/5e96cc1ba816c94e009a9c9e/books HTTP/1.1" 304 - "-" "Expo/2.29.5 CFNetwork/1406.0.4 Darwin/22.6.0"
::ffff:192.168.1.6 - - [16/Sep/2023:09:11:18 +0000] "GET /api/v1/categories/5e9047fd49941f52dcb01b35/books HTTP/1.1" 304 - "-" "Expo/2.29.5 CFNetwork/1406.0.4 Darwin/22.6.0"
::1 - - [16/Sep/2023:09:13:44 +0000] "GET /api/v1/categories/5e9047fd49941f52dcb01b35 HTTP/1.1" 200 7747 "-" "PostmanRuntime/7.32.3"
::1 - - [16/Sep/2023:09:14:19 +0000] "GET /api/v1/books/65053f244a39a51509099f43 HTTP/1.1" 200 2285 "-" "PostmanRuntime/7.32.3"
::1 - - [16/Sep/2023:09:25:36 +0000] "PUT /api/v1/books/65053f244a39a51509099f43 HTTP/1.1" 200 493 "-" "PostmanRuntime/7.32.3"
::ffff:192.168.1.6 - - [16/Sep/2023:09:25:48 +0000] "GET /api/v1/categories HTTP/1.1" 200 1292 "-" "Expo/2.29.5 CFNetwork/1406.0.4 Darwin/22.6.0"
::ffff:192.168.1.6 - - [16/Sep/2023:09:25:48 +0000] "GET /api/v1/categories/5e9047fd49941f52dcb01b35/books HTTP/1.1" 200 2702 "-" "Expo/2.29.5 CFNetwork/1406.0.4 Darwin/22.6.0"
::ffff:192.168.1.6 - - [16/Sep/2023:09:25:48 +0000] "GET /api/v1/categories/5e96cc1ba816c94e009a9c9e/books HTTP/1.1" 304 - "-" "Expo/2.29.5 CFNetwork/1406.0.4 Darwin/22.6.0"
::ffff:192.168.1.6 - - [16/Sep/2023:09:25:48 +0000] "GET /api/v1/categories/5e90434cd433fa11b078ed8a/books HTTP/1.1" 304 - "-" "Expo/2.29.5 CFNetwork/1406.0.4 Darwin/22.6.0"
::ffff:192.168.1.6 - - [16/Sep/2023:09:25:48 +0000] "GET /api/v1/categories/5e90478549941f52dcb01b34/books HTTP/1.1" 304 - "-" "Expo/2.29.5 CFNetwork/1406.0.4 Darwin/22.6.0"
::1 - - [16/Sep/2023:09:27:16 +0000] "GET /api/v1/books/65053f244a39a51509099f44 HTTP/1.1" 200 2139 "-" "PostmanRuntime/7.32.3"
::1 - - [16/Sep/2023:09:28:17 +0000] "PUT /api/v1/books/65053f244a39a51509099f44 HTTP/1.1" 200 596 "-" "PostmanRuntime/7.32.3"
::1 - - [16/Sep/2023:09:29:10 +0000] "PUT /api/v1/books/65053f244a39a51509099f44 HTTP/1.1" 200 596 "-" "PostmanRuntime/7.32.3"
::ffff:192.168.1.6 - - [16/Sep/2023:09:29:22 +0000] "GET /api/v1/categories HTTP/1.1" 200 1292 "-" "Expo/2.29.5 CFNetwork/1406.0.4 Darwin/22.6.0"
::ffff:192.168.1.6 - - [16/Sep/2023:09:29:23 +0000] "GET /api/v1/categories/5e9047fd49941f52dcb01b35/books HTTP/1.1" 200 1159 "-" "Expo/2.29.5 CFNetwork/1406.0.4 Darwin/22.6.0"
::ffff:192.168.1.6 - - [16/Sep/2023:09:29:23 +0000] "GET /api/v1/categories/5e90434cd433fa11b078ed8a/books HTTP/1.1" 304 - "-" "Expo/2.29.5 CFNetwork/1406.0.4 Darwin/22.6.0"
::ffff:192.168.1.6 - - [16/Sep/2023:09:29:23 +0000] "GET /api/v1/categories/5e90478549941f52dcb01b34/books HTTP/1.1" 304 - "-" "Expo/2.29.5 CFNetwork/1406.0.4 Darwin/22.6.0"
::ffff:192.168.1.6 - - [16/Sep/2023:09:29:23 +0000] "GET /api/v1/categories/5e96cc1ba816c94e009a9c9e/books HTTP/1.1" 304 - "-" "Expo/2.29.5 CFNetwork/1406.0.4 Darwin/22.6.0"
::1 - - [16/Sep/2023:09:31:12 +0000] "GET /api/v1/categories/5e96cc1ba816c94e009a9c9e HTTP/1.1" 200 8018 "-" "PostmanRuntime/7.32.3"
::1 - - [16/Sep/2023:09:33:47 +0000] "GET /api/v1/books/65053f244a39a51509099f3f HTTP/1.1" 200 1856 "-" "PostmanRuntime/7.32.3"
::1 - - [16/Sep/2023:09:35:40 +0000] "PUT /api/v1/books/65053f244a39a51509099f3f HTTP/1.1" 200 515 "-" "PostmanRuntime/7.32.3"
::ffff:192.168.1.6 - - [16/Sep/2023:09:35:54 +0000] "GET /api/v1/categories HTTP/1.1" 200 1292 "-" "Expo/2.29.5 CFNetwork/1406.0.4 Darwin/22.6.0"
::ffff:192.168.1.6 - - [16/Sep/2023:09:35:54 +0000] "GET /api/v1/categories/5e90478549941f52dcb01b34/books HTTP/1.1" 304 - "-" "Expo/2.29.5 CFNetwork/1406.0.4 Darwin/22.6.0"
::ffff:192.168.1.6 - - [16/Sep/2023:09:35:54 +0000] "GET /api/v1/categories/5e90434cd433fa11b078ed8a/books HTTP/1.1" 304 - "-" "Expo/2.29.5 CFNetwork/1406.0.4 Darwin/22.6.0"
::ffff:192.168.1.6 - - [16/Sep/2023:09:35:54 +0000] "GET /api/v1/categories/5e9047fd49941f52dcb01b35/books HTTP/1.1" 304 - "-" "Expo/2.29.5 CFNetwork/1406.0.4 Darwin/22.6.0"
::ffff:192.168.1.6 - - [16/Sep/2023:09:35:54 +0000] "GET /api/v1/categories/5e96cc1ba816c94e009a9c9e/books HTTP/1.1" 200 2541 "-" "Expo/2.29.5 CFNetwork/1406.0.4 Darwin/22.6.0"
::1 - - [16/Sep/2023:09:37:40 +0000] "PUT /api/v1/books/65053f244a39a51509099f3f HTTP/1.1" 200 527 "-" "PostmanRuntime/7.32.3"
::ffff:192.168.1.6 - - [16/Sep/2023:09:37:53 +0000] "GET /api/v1/categories HTTP/1.1" 200 1292 "-" "Expo/2.29.5 CFNetwork/1406.0.4 Darwin/22.6.0"
::ffff:192.168.1.6 - - [16/Sep/2023:09:37:54 +0000] "GET /api/v1/categories/5e96cc1ba816c94e009a9c9e/books HTTP/1.1" 200 2553 "-" "Expo/2.29.5 CFNetwork/1406.0.4 Darwin/22.6.0"
::ffff:192.168.1.6 - - [16/Sep/2023:09:37:54 +0000] "GET /api/v1/categories/5e9047fd49941f52dcb01b35/books HTTP/1.1" 304 - "-" "Expo/2.29.5 CFNetwork/1406.0.4 Darwin/22.6.0"
::ffff:192.168.1.6 - - [16/Sep/2023:09:37:54 +0000] "GET /api/v1/categories/5e90434cd433fa11b078ed8a/books HTTP/1.1" 304 - "-" "Expo/2.29.5 CFNetwork/1406.0.4 Darwin/22.6.0"
::ffff:192.168.1.6 - - [16/Sep/2023:09:37:54 +0000] "GET /api/v1/categories/5e90478549941f52dcb01b34/books HTTP/1.1" 304 - "-" "Expo/2.29.5 CFNetwork/1406.0.4 Darwin/22.6.0"
::1 - - [16/Sep/2023:09:38:54 +0000] "PUT /api/v1/books/65053f244a39a51509099f3f HTTP/1.1" 200 515 "-" "PostmanRuntime/7.32.3"
::ffff:192.168.1.6 - - [16/Sep/2023:09:39:06 +0000] "GET /api/v1/categories HTTP/1.1" 200 1292 "-" "Expo/2.29.5 CFNetwork/1406.0.4 Darwin/22.6.0"
::ffff:192.168.1.6 - - [16/Sep/2023:09:39:06 +0000] "GET /api/v1/categories/5e96cc1ba816c94e009a9c9e/books HTTP/1.1" 200 2541 "-" "Expo/2.29.5 CFNetwork/1406.0.4 Darwin/22.6.0"
::ffff:192.168.1.6 - - [16/Sep/2023:09:39:06 +0000] "GET /api/v1/categories/5e90434cd433fa11b078ed8a/books HTTP/1.1" 304 - "-" "Expo/2.29.5 CFNetwork/1406.0.4 Darwin/22.6.0"
::ffff:192.168.1.6 - - [16/Sep/2023:09:39:06 +0000] "GET /api/v1/categories/5e9047fd49941f52dcb01b35/books HTTP/1.1" 304 - "-" "Expo/2.29.5 CFNetwork/1406.0.4 Darwin/22.6.0"
::ffff:192.168.1.6 - - [16/Sep/2023:09:39:06 +0000] "GET /api/v1/categories/5e90478549941f52dcb01b34/books HTTP/1.1" 304 - "-" "Expo/2.29.5 CFNetwork/1406.0.4 Darwin/22.6.0"
::1 - - [16/Sep/2023:09:39:58 +0000] "GET /api/v1/books/65053f244a39a51509099f41 HTTP/1.1" 200 1956 "-" "PostmanRuntime/7.32.3"
::1 - - [16/Sep/2023:09:40:04 +0000] "PUT /api/v1/books/65053f244a39a51509099f41 HTTP/1.1" 200 527 "-" "PostmanRuntime/7.32.3"
::ffff:192.168.1.6 - - [16/Sep/2023:09:40:16 +0000] "GET /api/v1/categories HTTP/1.1" 200 1292 "-" "Expo/2.29.5 CFNetwork/1406.0.4 Darwin/22.6.0"
::ffff:192.168.1.6 - - [16/Sep/2023:09:40:16 +0000] "GET /api/v1/categories/5e90434cd433fa11b078ed8a/books HTTP/1.1" 304 - "-" "Expo/2.29.5 CFNetwork/1406.0.4 Darwin/22.6.0"
::ffff:192.168.1.6 - - [16/Sep/2023:09:40:16 +0000] "GET /api/v1/categories/5e96cc1ba816c94e009a9c9e/books HTTP/1.1" 200 1112 "-" "Expo/2.29.5 CFNetwork/1406.0.4 Darwin/22.6.0"
::ffff:192.168.1.6 - - [16/Sep/2023:09:40:16 +0000] "GET /api/v1/categories/5e9047fd49941f52dcb01b35/books HTTP/1.1" 304 - "-" "Expo/2.29.5 CFNetwork/1406.0.4 Darwin/22.6.0"
::ffff:192.168.1.6 - - [16/Sep/2023:09:40:16 +0000] "GET /api/v1/categories/5e90478549941f52dcb01b34/books HTTP/1.1" 304 - "-" "Expo/2.29.5 CFNetwork/1406.0.4 Darwin/22.6.0"
::ffff:192.168.1.6 - - [16/Sep/2023:11:26:31 +0000] "GET /api/v1/categories HTTP/1.1" 200 1292 "-" "okhttp/4.9.2"
::ffff:192.168.1.6 - - [16/Sep/2023:11:26:32 +0000] "GET /api/v1/categories/5e90434cd433fa11b078ed8a/books HTTP/1.1" 200 1188 "-" "okhttp/4.9.2"
::ffff:192.168.1.6 - - [16/Sep/2023:11:26:32 +0000] "GET /api/v1/categories/5e90478549941f52dcb01b34/books HTTP/1.1" 200 1040 "-" "okhttp/4.9.2"
::ffff:192.168.1.6 - - [16/Sep/2023:11:26:32 +0000] "GET /api/v1/categories/5e9047fd49941f52dcb01b35/books HTTP/1.1" 200 1159 "-" "okhttp/4.9.2"
::ffff:192.168.1.6 - - [16/Sep/2023:11:26:32 +0000] "GET /api/v1/categories/5e96cc1ba816c94e009a9c9e/books HTTP/1.1" 200 1112 "-" "okhttp/4.9.2"
::ffff:192.168.1.6 - - [16/Sep/2023:11:30:27 +0000] "GET /api/v1/categories HTTP/1.1" 304 - "-" "Expo/2.29.5 CFNetwork/1406.0.4 Darwin/22.6.0"
::ffff:192.168.1.6 - - [16/Sep/2023:11:30:28 +0000] "GET /api/v1/categories/5e90434cd433fa11b078ed8a/books HTTP/1.1" 304 - "-" "Expo/2.29.5 CFNetwork/1406.0.4 Darwin/22.6.0"
::ffff:192.168.1.6 - - [16/Sep/2023:11:30:28 +0000] "GET /api/v1/categories/5e9047fd49941f52dcb01b35/books HTTP/1.1" 304 - "-" "Expo/2.29.5 CFNetwork/1406.0.4 Darwin/22.6.0"
::ffff:192.168.1.6 - - [16/Sep/2023:11:30:28 +0000] "GET /api/v1/categories/5e96cc1ba816c94e009a9c9e/books HTTP/1.1" 304 - "-" "Expo/2.29.5 CFNetwork/1406.0.4 Darwin/22.6.0"
::ffff:192.168.1.6 - - [16/Sep/2023:11:30:28 +0000] "GET /api/v1/categories/5e90478549941f52dcb01b34/books HTTP/1.1" 304 - "-" "Expo/2.29.5 CFNetwork/1406.0.4 Darwin/22.6.0"
::ffff:192.168.1.6 - - [16/Sep/2023:11:34:47 +0000] "GET /api/v1/categories HTTP/1.1" 304 - "-" "Expo/2.29.5 CFNetwork/1406.0.4 Darwin/22.6.0"
::ffff:192.168.1.6 - - [16/Sep/2023:11:34:47 +0000] "GET /api/v1/categories/5e90434cd433fa11b078ed8a/books HTTP/1.1" 304 - "-" "Expo/2.29.5 CFNetwork/1406.0.4 Darwin/22.6.0"
::ffff:192.168.1.6 - - [16/Sep/2023:11:34:47 +0000] "GET /api/v1/categories/5e96cc1ba816c94e009a9c9e/books HTTP/1.1" 304 - "-" "Expo/2.29.5 CFNetwork/1406.0.4 Darwin/22.6.0"
::ffff:192.168.1.6 - - [16/Sep/2023:11:34:47 +0000] "GET /api/v1/categories/5e9047fd49941f52dcb01b35/books HTTP/1.1" 304 - "-" "Expo/2.29.5 CFNetwork/1406.0.4 Darwin/22.6.0"
::ffff:192.168.1.6 - - [16/Sep/2023:11:34:47 +0000] "GET /api/v1/categories/5e90478549941f52dcb01b34/books HTTP/1.1" 304 - "-" "Expo/2.29.5 CFNetwork/1406.0.4 Darwin/22.6.0"
::ffff:192.168.1.6 - - [16/Sep/2023:11:35:39 +0000] "GET /api/v1/categories HTTP/1.1" 304 - "-" "okhttp/4.9.2"
::ffff:192.168.1.6 - - [16/Sep/2023:11:35:40 +0000] "GET /api/v1/categories/5e90478549941f52dcb01b34/books HTTP/1.1" 304 - "-" "okhttp/4.9.2"
::ffff:192.168.1.6 - - [16/Sep/2023:11:35:40 +0000] "GET /api/v1/categories/5e96cc1ba816c94e009a9c9e/books HTTP/1.1" 304 - "-" "okhttp/4.9.2"
::ffff:192.168.1.6 - - [16/Sep/2023:11:35:40 +0000] "GET /api/v1/categories/5e9047fd49941f52dcb01b35/books HTTP/1.1" 304 - "-" "okhttp/4.9.2"
::ffff:192.168.1.6 - - [16/Sep/2023:11:35:40 +0000] "GET /api/v1/categories/5e90434cd433fa11b078ed8a/books HTTP/1.1" 304 - "-" "okhttp/4.9.2"
::ffff:192.168.1.6 - - [17/Sep/2023:01:37:29 +0000] "GET /api/v1/categories HTTP/1.1" 304 - "-" "Expo/2.29.5 CFNetwork/1406.0.4 Darwin/22.6.0"
::ffff:192.168.1.6 - - [17/Sep/2023:01:37:29 +0000] "GET /api/v1/categories/5e90434cd433fa11b078ed8a/books HTTP/1.1" 304 - "-" "Expo/2.29.5 CFNetwork/1406.0.4 Darwin/22.6.0"
::ffff:192.168.1.6 - - [17/Sep/2023:01:37:29 +0000] "GET /api/v1/categories/5e96cc1ba816c94e009a9c9e/books HTTP/1.1" 304 - "-" "Expo/2.29.5 CFNetwork/1406.0.4 Darwin/22.6.0"
::ffff:192.168.1.6 - - [17/Sep/2023:01:37:29 +0000] "GET /api/v1/categories/5e90478549941f52dcb01b34/books HTTP/1.1" 304 - "-" "Expo/2.29.5 CFNetwork/1406.0.4 Darwin/22.6.0"
::ffff:192.168.1.6 - - [17/Sep/2023:01:37:29 +0000] "GET /api/v1/categories/5e9047fd49941f52dcb01b35/books HTTP/1.1" 304 - "-" "Expo/2.29.5 CFNetwork/1406.0.4 Darwin/22.6.0"
::ffff:192.168.1.3 - - [17/Sep/2023:01:38:46 +0000] "GET /api/v1/categories HTTP/1.1" 200 1292 "-" "okhttp/4.9.2"
::ffff:192.168.1.3 - - [17/Sep/2023:01:38:47 +0000] "GET /api/v1/categories/5e90434cd433fa11b078ed8a/books HTTP/1.1" 200 1188 "-" "okhttp/4.9.2"
::ffff:192.168.1.3 - - [17/Sep/2023:01:38:47 +0000] "GET /api/v1/categories/5e90478549941f52dcb01b34/books HTTP/1.1" 200 1040 "-" "okhttp/4.9.2"
::ffff:192.168.1.3 - - [17/Sep/2023:01:38:47 +0000] "GET /api/v1/categories/5e96cc1ba816c94e009a9c9e/books HTTP/1.1" 200 1112 "-" "okhttp/4.9.2"
::ffff:192.168.1.3 - - [17/Sep/2023:01:38:48 +0000] "GET /api/v1/categories/5e9047fd49941f52dcb01b35/books HTTP/1.1" 200 1159 "-" "okhttp/4.9.2"
::ffff:192.168.1.6 - - [17/Sep/2023:04:05:42 +0000] "GET /api/v1/categories HTTP/1.1" 500 642 "-" "Expo/2.29.5 CFNetwork/1406.0.4 Darwin/22.6.0"
::ffff:192.168.1.6 - - [17/Sep/2023:04:07:33 +0000] "GET /api/v1/categories HTTP/1.1" 500 113 "-" "Expo/2.29.5 CFNetwork/1406.0.4 Darwin/22.6.0"
::ffff:192.168.1.6 - - [17/Sep/2023:04:07:39 +0000] "GET /api/v1/categories HTTP/1.1" 500 113 "-" "okhttp/4.9.2"
::1 - - [20/Sep/2023:12:09:39 +0000] "GET /api/v1/categories HTTP/1.1" 200 1292 "-" "PostmanRuntime/7.33.0"
::ffff:192.168.1.3 - - [20/Sep/2023:12:14:42 +0000] "GET /api/v1/categories HTTP/1.1" 200 1292 "-" "Expo/2.29.6 CFNetwork/1406.0.4 Darwin/22.6.0"
::ffff:192.168.1.3 - - [20/Sep/2023:12:14:49 +0000] "GET /api/v1/categories/5e9047fd49941f52dcb01b35/books HTTP/1.1" 200 1159 "-" "Expo/2.29.6 CFNetwork/1406.0.4 Darwin/22.6.0"
::ffff:192.168.1.3 - - [20/Sep/2023:12:14:49 +0000] "GET /api/v1/categories/5e90478549941f52dcb01b34/books HTTP/1.1" 200 1040 "-" "Expo/2.29.6 CFNetwork/1406.0.4 Darwin/22.6.0"
::ffff:192.168.1.3 - - [20/Sep/2023:12:14:49 +0000] "GET /api/v1/categories/5e90434cd433fa11b078ed8a/books HTTP/1.1" 200 1188 "-" "Expo/2.29.6 CFNetwork/1406.0.4 Darwin/22.6.0"
::ffff:192.168.1.3 - - [20/Sep/2023:12:14:49 +0000] "GET /api/v1/categories/5e96cc1ba816c94e009a9c9e/books HTTP/1.1" 200 1112 "-" "Expo/2.29.6 CFNetwork/1406.0.4 Darwin/22.6.0"
::ffff:192.168.1.3 - - [20/Sep/2023:12:15:13 +0000] "GET /api/v1/categories HTTP/1.1" 304 - "-" "Expo/2.29.6 CFNetwork/1406.0.4 Darwin/22.6.0"
::ffff:192.168.1.3 - - [20/Sep/2023:12:15:14 +0000] "GET /api/v1/categories/5e96cc1ba816c94e009a9c9e/books HTTP/1.1" 304 - "-" "Expo/2.29.6 CFNetwork/1406.0.4 Darwin/22.6.0"
::ffff:192.168.1.3 - - [20/Sep/2023:12:15:14 +0000] "GET /api/v1/categories/5e9047fd49941f52dcb01b35/books HTTP/1.1" 304 - "-" "Expo/2.29.6 CFNetwork/1406.0.4 Darwin/22.6.0"
::ffff:192.168.1.3 - - [20/Sep/2023:12:15:14 +0000] "GET /api/v1/categories/5e90434cd433fa11b078ed8a/books HTTP/1.1" 304 - "-" "Expo/2.29.6 CFNetwork/1406.0.4 Darwin/22.6.0"
::ffff:192.168.1.3 - - [20/Sep/2023:12:15:14 +0000] "GET /api/v1/categories/5e90478549941f52dcb01b34/books HTTP/1.1" 304 - "-" "Expo/2.29.6 CFNetwork/1406.0.4 Darwin/22.6.0"
::ffff:192.168.1.2 - - [20/Sep/2023:12:21:07 +0000] "GET /api/v1/categories HTTP/1.1" 200 1292 "-" "okhttp/4.9.2"
::ffff:192.168.1.2 - - [20/Sep/2023:12:21:08 +0000] "GET /api/v1/categories/5e9047fd49941f52dcb01b35/books HTTP/1.1" 200 1159 "-" "okhttp/4.9.2"
::ffff:192.168.1.2 - - [20/Sep/2023:12:21:08 +0000] "GET /api/v1/categories/5e90434cd433fa11b078ed8a/books HTTP/1.1" 200 1188 "-" "okhttp/4.9.2"
::ffff:192.168.1.2 - - [20/Sep/2023:12:21:08 +0000] "GET /api/v1/categories/5e96cc1ba816c94e009a9c9e/books HTTP/1.1" 200 1112 "-" "okhttp/4.9.2"
::ffff:192.168.1.2 - - [20/Sep/2023:12:21:08 +0000] "GET /api/v1/categories/5e90478549941f52dcb01b34/books HTTP/1.1" 200 1040 "-" "okhttp/4.9.2"
::ffff:192.168.1.3 - - [20/Sep/2023:12:22:36 +0000] "GET /api/v1/categories HTTP/1.1" 304 - "-" "Expo/2.29.6 CFNetwork/1406.0.4 Darwin/22.6.0"
::ffff:192.168.1.3 - - [20/Sep/2023:12:22:36 +0000] "GET /api/v1/categories/5e9047fd49941f52dcb01b35/books HTTP/1.1" 304 - "-" "Expo/2.29.6 CFNetwork/1406.0.4 Darwin/22.6.0"
::ffff:192.168.1.3 - - [20/Sep/2023:12:22:36 +0000] "GET /api/v1/categories/5e90434cd433fa11b078ed8a/books HTTP/1.1" 304 - "-" "Expo/2.29.6 CFNetwork/1406.0.4 Darwin/22.6.0"
::ffff:192.168.1.3 - - [20/Sep/2023:12:22:36 +0000] "GET /api/v1/categories/5e90478549941f52dcb01b34/books HTTP/1.1" 304 - "-" "Expo/2.29.6 CFNetwork/1406.0.4 Darwin/22.6.0"
::ffff:192.168.1.3 - - [20/Sep/2023:12:22:36 +0000] "GET /api/v1/categories/5e96cc1ba816c94e009a9c9e/books HTTP/1.1" 304 - "-" "Expo/2.29.6 CFNetwork/1406.0.4 Darwin/22.6.0"
::ffff:192.168.1.3 - - [21/Sep/2023:02:04:16 +0000] "GET /api/v1/categories HTTP/1.1" 304 - "-" "Expo/2.29.6 CFNetwork/1406.0.4 Darwin/22.6.0"
::ffff:192.168.1.3 - - [21/Sep/2023:02:04:17 +0000] "GET /api/v1/categories/5e90434cd433fa11b078ed8a/books HTTP/1.1" 304 - "-" "Expo/2.29.6 CFNetwork/1406.0.4 Darwin/22.6.0"
::ffff:192.168.1.3 - - [21/Sep/2023:02:04:17 +0000] "GET /api/v1/categories/5e96cc1ba816c94e009a9c9e/books HTTP/1.1" 304 - "-" "Expo/2.29.6 CFNetwork/1406.0.4 Darwin/22.6.0"
::ffff:192.168.1.3 - - [21/Sep/2023:02:04:17 +0000] "GET /api/v1/categories/5e90478549941f52dcb01b34/books HTTP/1.1" 304 - "-" "Expo/2.29.6 CFNetwork/1406.0.4 Darwin/22.6.0"
::ffff:192.168.1.3 - - [21/Sep/2023:02:04:17 +0000] "GET /api/v1/categories/5e9047fd49941f52dcb01b35/books HTTP/1.1" 304 - "-" "Expo/2.29.6 CFNetwork/1406.0.4 Darwin/22.6.0"
::ffff:192.168.1.3 - - [21/Sep/2023:02:07:56 +0000] "GET /api/v1/categories/5e90478549941f52dcb01b34/books?limit=50 HTTP/1.1" 200 6141 "-" "Expo/2.29.6 CFNetwork/1406.0.4 Darwin/22.6.0"
::ffff:192.168.1.3 - - [21/Sep/2023:02:07:56 +0000] "GET /api/v1/categories/5e90434cd433fa11b078ed8a/books?limit=50 HTTP/1.1" 200 2825 "-" "Expo/2.29.6 CFNetwork/1406.0.4 Darwin/22.6.0"
::ffff:192.168.1.3 - - [21/Sep/2023:02:07:56 +0000] "GET /api/v1/categories/5e9047fd49941f52dcb01b35/books?limit=50 HTTP/1.1" 200 4182 "-" "Expo/2.29.6 CFNetwork/1406.0.4 Darwin/22.6.0"
::ffff:192.168.1.3 - - [21/Sep/2023:02:07:56 +0000] "GET /api/v1/categories/5e96cc1ba816c94e009a9c9e/books?limit=50 HTTP/1.1" 200 5023 "-" "Expo/2.29.6 CFNetwork/1406.0.4 Darwin/22.6.0"
::1 - - [21/Sep/2023:02:11:48 +0000] "GET /api/v1/categories HTTP/1.1" 200 1292 "-" "PostmanRuntime/7.33.0"
::1 - - [21/Sep/2023:02:12:09 +0000] "GET /api/v1/books HTTP/1.1" 200 5947 "-" "PostmanRuntime/7.33.0"
::1 - - [21/Sep/2023:02:13:07 +0000] "GET /api/v1/books?limit=18 HTTP/1.1" 200 19513 "-" "PostmanRuntime/7.33.0"
::1 - - [21/Sep/2023:02:13:38 +0000] "GET /api/v1/books?limit=2 HTTP/1.1" 200 1288 "-" "PostmanRuntime/7.33.0"
::ffff:192.168.1.3 - - [21/Sep/2023:02:32:31 +0000] "GET /api/v1/categories HTTP/1.1" 304 - "-" "Expo/2.29.6 CFNetwork/1406.0.4 Darwin/22.6.0"
::ffff:192.168.1.3 - - [21/Sep/2023:02:33:59 +0000] "GET /api/v1/categories/5e90434cd433fa11b078ed8a/books?limit=50 HTTP/1.1" 304 - "-" "Expo/2.29.6 CFNetwork/1406.0.4 Darwin/22.6.0"
::ffff:192.168.1.3 - - [21/Sep/2023:02:33:59 +0000] "GET /api/v1/categories/5e9047fd49941f52dcb01b35/books?limit=50 HTTP/1.1" 304 - "-" "Expo/2.29.6 CFNetwork/1406.0.4 Darwin/22.6.0"
::ffff:192.168.1.3 - - [21/Sep/2023:02:33:59 +0000] "GET /api/v1/categories/5e96cc1ba816c94e009a9c9e/books?limit=50 HTTP/1.1" 304 - "-" "Expo/2.29.6 CFNetwork/1406.0.4 Darwin/22.6.0"
::ffff:192.168.1.3 - - [21/Sep/2023:02:33:59 +0000] "GET /api/v1/categories/5e90478549941f52dcb01b34/books?limit=50 HTTP/1.1" 304 - "-" "Expo/2.29.6 CFNetwork/1406.0.4 Darwin/22.6.0"
::ffff:192.168.1.3 - - [21/Sep/2023:02:37:15 +0000] "GET /api/v1/categories/5e90434cd433fa11b078ed8a/books?limit=50 HTTP/1.1" 304 - "-" "Expo/2.29.6 CFNetwork/1406.0.4 Darwin/22.6.0"
::ffff:192.168.1.3 - - [21/Sep/2023:02:37:15 +0000] "GET /api/v1/categories/5e9047fd49941f52dcb01b35/books?limit=50 HTTP/1.1" 304 - "-" "Expo/2.29.6 CFNetwork/1406.0.4 Darwin/22.6.0"
::ffff:192.168.1.3 - - [21/Sep/2023:02:37:15 +0000] "GET /api/v1/categories/5e90478549941f52dcb01b34/books?limit=50 HTTP/1.1" 304 - "-" "Expo/2.29.6 CFNetwork/1406.0.4 Darwin/22.6.0"
::ffff:192.168.1.3 - - [21/Sep/2023:02:37:15 +0000] "GET /api/v1/categories/5e96cc1ba816c94e009a9c9e/books?limit=50 HTTP/1.1" 304 - "-" "Expo/2.29.6 CFNetwork/1406.0.4 Darwin/22.6.0"
::ffff:192.168.1.3 - - [21/Sep/2023:02:37:48 +0000] "GET /api/v1/categories/5e90434cd433fa11b078ed8a/books?limit=50 HTTP/1.1" 304 - "-" "Expo/2.29.6 CFNetwork/1406.0.4 Darwin/22.6.0"
::ffff:192.168.1.3 - - [21/Sep/2023:02:37:48 +0000] "GET /api/v1/categories/5e9047fd49941f52dcb01b35/books?limit=50 HTTP/1.1" 304 - "-" "Expo/2.29.6 CFNetwork/1406.0.4 Darwin/22.6.0"
::ffff:192.168.1.3 - - [21/Sep/2023:02:37:48 +0000] "GET /api/v1/categories/5e90478549941f52dcb01b34/books?limit=50 HTTP/1.1" 304 - "-" "Expo/2.29.6 CFNetwork/1406.0.4 Darwin/22.6.0"
::ffff:192.168.1.3 - - [21/Sep/2023:02:37:48 +0000] "GET /api/v1/categories/5e96cc1ba816c94e009a9c9e/books?limit=50 HTTP/1.1" 304 - "-" "Expo/2.29.6 CFNetwork/1406.0.4 Darwin/22.6.0"
::ffff:192.168.1.3 - - [21/Sep/2023:02:48:07 +0000] "GET /api/v1/categories HTTP/1.1" 304 - "-" "Expo/2.29.6 CFNetwork/1406.0.4 Darwin/22.6.0"
::ffff:192.168.1.3 - - [21/Sep/2023:03:32:51 +0000] "GET /api/v1/categories/5e90434cd433fa11b078ed8a/books?limit=50 HTTP/1.1" 200 2825 "-" "Expo/2.29.6 CFNetwork/1406.0.4 Darwin/22.6.0"
::ffff:192.168.1.3 - - [21/Sep/2023:03:32:51 +0000] "GET /api/v1/categories/5e9047fd49941f52dcb01b35/books?limit=50 HTTP/1.1" 304 - "-" "Expo/2.29.6 CFNetwork/1406.0.4 Darwin/22.6.0"
::ffff:192.168.1.3 - - [21/Sep/2023:03:32:51 +0000] "GET /api/v1/categories/5e96cc1ba816c94e009a9c9e/books?limit=50 HTTP/1.1" 304 - "-" "Expo/2.29.6 CFNetwork/1406.0.4 Darwin/22.6.0"
::ffff:192.168.1.3 - - [21/Sep/2023:03:32:51 +0000] "GET /api/v1/categories/5e90478549941f52dcb01b34/books?limit=50 HTTP/1.1" 304 - "-" "Expo/2.29.6 CFNetwork/1406.0.4 Darwin/22.6.0"
::ffff:192.168.1.3 - - [21/Sep/2023:03:33:21 +0000] "GET /api/v1/categories/5e90434cd433fa11b078ed8a/books?limit=50 HTTP/1.1" 304 - "-" "Expo/2.29.6 CFNetwork/1406.0.4 Darwin/22.6.0"
::ffff:192.168.1.3 - - [21/Sep/2023:03:33:21 +0000] "GET /api/v1/categories/5e90478549941f52dcb01b34/books?limit=50 HTTP/1.1" 304 - "-" "Expo/2.29.6 CFNetwork/1406.0.4 Darwin/22.6.0"
::ffff:192.168.1.3 - - [21/Sep/2023:03:33:21 +0000] "GET /api/v1/categories/5e9047fd49941f52dcb01b35/books?limit=50 HTTP/1.1" 304 - "-" "Expo/2.29.6 CFNetwork/1406.0.4 Darwin/22.6.0"
::ffff:192.168.1.3 - - [21/Sep/2023:03:33:21 +0000] "GET /api/v1/categories/5e96cc1ba816c94e009a9c9e/books?limit=50 HTTP/1.1" 304 - "-" "Expo/2.29.6 CFNetwork/1406.0.4 Darwin/22.6.0"
::ffff:192.168.1.3 - - [21/Sep/2023:03:34:06 +0000] "GET /api/v1/categories/5e90434cd433fa11b078ed8a/books?limit=50 HTTP/1.1" 304 - "-" "Expo/2.29.6 CFNetwork/1406.0.4 Darwin/22.6.0"
::ffff:192.168.1.3 - - [21/Sep/2023:03:34:06 +0000] "GET /api/v1/categories/5e90478549941f52dcb01b34/books?limit=50 HTTP/1.1" 304 - "-" "Expo/2.29.6 CFNetwork/1406.0.4 Darwin/22.6.0"
::ffff:192.168.1.3 - - [21/Sep/2023:03:34:06 +0000] "GET /api/v1/categories/5e96cc1ba816c94e009a9c9e/books?limit=50 HTTP/1.1" 304 - "-" "Expo/2.29.6 CFNetwork/1406.0.4 Darwin/22.6.0"
::ffff:192.168.1.3 - - [21/Sep/2023:03:34:06 +0000] "GET /api/v1/categories/5e9047fd49941f52dcb01b35/books?limit=50 HTTP/1.1" 304 - "-" "Expo/2.29.6 CFNetwork/1406.0.4 Darwin/22.6.0"
::ffff:192.168.1.3 - - [21/Sep/2023:03:39:35 +0000] "GET /api/v1/categories/5e90478549941f52dcb01b34/books?limit=50 HTTP/1.1" 304 - "-" "Expo/2.29.6 CFNetwork/1406.0.4 Darwin/22.6.0"
::ffff:192.168.1.3 - - [21/Sep/2023:03:39:35 +0000] "GET /api/v1/categories/5e90434cd433fa11b078ed8a/books?limit=50 HTTP/1.1" 304 - "-" "Expo/2.29.6 CFNetwork/1406.0.4 Darwin/22.6.0"
::ffff:192.168.1.3 - - [21/Sep/2023:03:39:35 +0000] "GET /api/v1/categories/5e96cc1ba816c94e009a9c9e/books?limit=50 HTTP/1.1" 304 - "-" "Expo/2.29.6 CFNetwork/1406.0.4 Darwin/22.6.0"
::ffff:192.168.1.3 - - [21/Sep/2023:03:39:35 +0000] "GET /api/v1/categories/5e9047fd49941f52dcb01b35/books?limit=50 HTTP/1.1" 304 - "-" "Expo/2.29.6 CFNetwork/1406.0.4 Darwin/22.6.0"
::1 - - [21/Sep/2023:03:45:00 +0000] "GET /api/v1/books?limit=50 HTTP/1.1" 200 19513 "-" "PostmanRuntime/7.33.0"
::1 - - [21/Sep/2023:03:45:28 +0000] "GET /api/v1/categories/5e90478549941f52dcb01b34/books HTTP/1.1" 200 1040 "-" "PostmanRuntime/7.33.0"
::1 - - [21/Sep/2023:03:45:50 +0000] "GET /api/v1/categories/5e90478549941f52dcb01b34/books?limit=50 HTTP/1.1" 200 6141 "-" "PostmanRuntime/7.33.0"
::1 - - [21/Sep/2023:04:10:01 +0000] "GET /api/v1/categories/5e90478549941f52dcb01b34/books?limit=2?page=2 HTTP/1.1" 200 1040 "-" "PostmanRuntime/7.33.0"
::1 - - [21/Sep/2023:04:10:29 +0000] "GET /api/v1/categories/5e90478549941f52dcb01b34/books?limit=2?page=4 HTTP/1.1" 200 1040 "-" "PostmanRuntime/7.33.0"
::1 - - [21/Sep/2023:04:11:24 +0000] "GET /api/v1/categories/5e90478549941f52dcb01b34/books?limit=2&page=4 HTTP/1.1" 200 130 "-" "PostmanRuntime/7.33.0"
::1 - - [21/Sep/2023:04:11:43 +0000] "GET /api/v1/categories/5e90478549941f52dcb01b34/books?limit=2&page=2 HTTP/1.1" 200 3703 "-" "PostmanRuntime/7.33.0"
::1 - - [21/Sep/2023:04:12:34 +0000] "GET /api/v1/categories/5e90478549941f52dcb01b34/books?limit=2&page=2&search=%22%D1%81%D1%82%D0%B0%22 HTTP/1.1" 200 130 "-" "PostmanRuntime/7.33.0"
::1 - - [21/Sep/2023:04:12:50 +0000] "GET /api/v1/categories/5e90478549941f52dcb01b34/books?limit=2&page=2&search=%D1%81%D1%82%D0%B0 HTTP/1.1" 200 130 "-" "PostmanRuntime/7.33.0"
::1 - - [21/Sep/2023:04:13:03 +0000] "GET /api/v1/categories/5e90478549941f52dcb01b34/books?limit=2&page=2&search=java HTTP/1.1" 200 130 "-" "PostmanRuntime/7.33.0"
::1 - - [21/Sep/2023:04:13:10 +0000] "GET /api/v1/categories/5e90478549941f52dcb01b34/books?limit=2&page=2&search=dumas HTTP/1.1" 200 130 "-" "PostmanRuntime/7.33.0"
::1 - - [21/Sep/2023:04:13:15 +0000] "GET /api/v1/categories/5e90478549941f52dcb01b34/books?limit=2&page=2&search=the HTTP/1.1" 200 130 "-" "PostmanRuntime/7.33.0"
::1 - - [21/Sep/2023:04:16:09 +0000] "GET /api/v1/categories/5e90478549941f52dcb01b34/books?limit=2&page=2 HTTP/1.1" 200 3703 "-" "PostmanRuntime/7.33.0"
::ffff:192.168.1.3 - - [21/Sep/2023:04:20:17 +0000] "GET /api/v1/categories HTTP/1.1" 304 - "-" "Expo/2.29.6 CFNetwork/1406.0.4 Darwin/22.6.0"
::ffff:192.168.1.3 - - [21/Sep/2023:04:20:17 +0000] "GET /api/v1/categories/5e90478549941f52dcb01b34/books?limit=50 HTTP/1.1" 200 1643 "-" "Expo/2.29.6 CFNetwork/1406.0.4 Darwin/22.6.0"
::ffff:192.168.1.3 - - [21/Sep/2023:04:20:17 +0000] "GET /api/v1/categories/5e96cc1ba816c94e009a9c9e/books?limit=50 HTTP/1.1" 200 106 "-" "Expo/2.29.6 CFNetwork/1406.0.4 Darwin/22.6.0"
::ffff:192.168.1.3 - - [21/Sep/2023:04:20:17 +0000] "GET /api/v1/categories/5e9047fd49941f52dcb01b35/books?limit=50 HTTP/1.1" 200 106 "-" "Expo/2.29.6 CFNetwork/1406.0.4 Darwin/22.6.0"
::ffff:192.168.1.3 - - [21/Sep/2023:04:20:17 +0000] "GET /api/v1/categories/5e90434cd433fa11b078ed8a/books?limit=50 HTTP/1.1" 200 1188 "-" "Expo/2.29.6 CFNetwork/1406.0.4 Darwin/22.6.0"
::ffff:192.168.1.3 - - [21/Sep/2023:04:21:23 +0000] "GET /api/v1/categories HTTP/1.1" 304 - "-" "Expo/2.29.6 CFNetwork/1406.0.4 Darwin/22.6.0"
::ffff:192.168.1.3 - - [21/Sep/2023:04:21:24 +0000] "GET /api/v1/categories/5e90434cd433fa11b078ed8a/books?limit=50 HTTP/1.1" 200 106 "-" "Expo/2.29.6 CFNetwork/1406.0.4 Darwin/22.6.0"
::ffff:192.168.1.3 - - [21/Sep/2023:04:21:24 +0000] "GET /api/v1/categories/5e9047fd49941f52dcb01b35/books?limit=50 HTTP/1.1" 304 - "-" "Expo/2.29.6 CFNetwork/1406.0.4 Darwin/22.6.0"
::ffff:192.168.1.3 - - [21/Sep/2023:04:21:24 +0000] "GET /api/v1/categories/5e90478549941f52dcb01b34/books?limit=50 HTTP/1.1" 200 561 "-" "Expo/2.29.6 CFNetwork/1406.0.4 Darwin/22.6.0"
::ffff:192.168.1.3 - - [21/Sep/2023:04:21:24 +0000] "GET /api/v1/categories/5e96cc1ba816c94e009a9c9e/books?limit=50 HTTP/1.1" 304 - "-" "Expo/2.29.6 CFNetwork/1406.0.4 Darwin/22.6.0"
::ffff:192.168.1.3 - - [21/Sep/2023:04:22:28 +0000] "GET /api/v1/categories HTTP/1.1" 304 - "-" "Expo/2.29.6 CFNetwork/1406.0.4 Darwin/22.6.0"
::ffff:192.168.1.3 - - [21/Sep/2023:04:22:28 +0000] "GET /api/v1/categories/5e96cc1ba816c94e009a9c9e/books?limit=50 HTTP/1.1" 500 296 "-" "Expo/2.29.6 CFNetwork/1406.0.4 Darwin/22.6.0"
::ffff:192.168.1.3 - - [21/Sep/2023:04:22:28 +0000] "GET /api/v1/categories/5e90434cd433fa11b078ed8a/books?limit=50 HTTP/1.1" 500 296 "-" "Expo/2.29.6 CFNetwork/1406.0.4 Darwin/22.6.0"
::ffff:192.168.1.3 - - [21/Sep/2023:04:22:28 +0000] "GET /api/v1/categories/5e90478549941f52dcb01b34/books?limit=50 HTTP/1.1" 500 296 "-" "Expo/2.29.6 CFNetwork/1406.0.4 Darwin/22.6.0"
::ffff:192.168.1.3 - - [21/Sep/2023:04:22:28 +0000] "GET /api/v1/categories/5e9047fd49941f52dcb01b35/books?limit=50 HTTP/1.1" 500 296 "-" "Expo/2.29.6 CFNetwork/1406.0.4 Darwin/22.6.0"
::ffff:192.168.1.3 - - [21/Sep/2023:04:27:35 +0000] "GET /api/v1/categories HTTP/1.1" 304 - "-" "Expo/2.29.6 CFNetwork/1406.0.4 Darwin/22.6.0"
::ffff:192.168.1.3 - - [21/Sep/2023:04:27:36 +0000] "GET /api/v1/categories/5e90434cd433fa11b078ed8a/books?limit=50 HTTP/1.1" 200 2825 "-" "Expo/2.29.6 CFNetwork/1406.0.4 Darwin/22.6.0"
::ffff:192.168.1.3 - - [21/Sep/2023:04:27:36 +0000] "GET /api/v1/categories/5e96cc1ba816c94e009a9c9e/books?limit=50 HTTP/1.1" 200 5023 "-" "Expo/2.29.6 CFNetwork/1406.0.4 Darwin/22.6.0"
::ffff:192.168.1.3 - - [21/Sep/2023:04:27:36 +0000] "GET /api/v1/categories/5e9047fd49941f52dcb01b35/books?limit=50 HTTP/1.1" 200 4182 "-" "Expo/2.29.6 CFNetwork/1406.0.4 Darwin/22.6.0"
::ffff:192.168.1.3 - - [21/Sep/2023:04:27:36 +0000] "GET /api/v1/categories/5e90478549941f52dcb01b34/books?limit=50 HTTP/1.1" 200 6141 "-" "Expo/2.29.6 CFNetwork/1406.0.4 Darwin/22.6.0"
::ffff:192.168.1.3 - - [21/Sep/2023:04:46:25 +0000] "GET /api/v1/categories/5e90434cd433fa11b078ed8a/books?limit=50 HTTP/1.1" 304 - "-" "Expo/2.29.6 CFNetwork/1406.0.4 Darwin/22.6.0"
::ffff:192.168.1.3 - - [21/Sep/2023:04:46:25 +0000] "GET /api/v1/categories/5e90478549941f52dcb01b34/books?limit=50 HTTP/1.1" 304 - "-" "Expo/2.29.6 CFNetwork/1406.0.4 Darwin/22.6.0"
::ffff:192.168.1.3 - - [21/Sep/2023:04:46:25 +0000] "GET /api/v1/categories/5e96cc1ba816c94e009a9c9e/books?limit=50 HTTP/1.1" 304 - "-" "Expo/2.29.6 CFNetwork/1406.0.4 Darwin/22.6.0"
::ffff:192.168.1.3 - - [21/Sep/2023:04:46:25 +0000] "GET /api/v1/categories/5e9047fd49941f52dcb01b35/books?limit=50 HTTP/1.1" 304 - "-" "Expo/2.29.6 CFNetwork/1406.0.4 Darwin/22.6.0"
::ffff:192.168.1.3 - - [21/Sep/2023:04:46:46 +0000] "GET /api/v1/categories/5e90434cd433fa11b078ed8a/books?limit=50 HTTP/1.1" 304 - "-" "Expo/2.29.6 CFNetwork/1406.0.4 Darwin/22.6.0"
::ffff:192.168.1.3 - - [21/Sep/2023:04:46:46 +0000] "GET /api/v1/categories/5e9047fd49941f52dcb01b35/books?limit=50 HTTP/1.1" 304 - "-" "Expo/2.29.6 CFNetwork/1406.0.4 Darwin/22.6.0"
::ffff:192.168.1.3 - - [21/Sep/2023:04:46:46 +0000] "GET /api/v1/categories/5e96cc1ba816c94e009a9c9e/books?limit=50 HTTP/1.1" 304 - "-" "Expo/2.29.6 CFNetwork/1406.0.4 Darwin/22.6.0"
